<html>
<body>
<pre>
<h1>礦ision Build Log</h1>
<h2>Project:</h2>
E:\操作系统\RTOS\ucosii\BBear_Transplant\template\sourcecode\MDK\bbear_transplate.uvproj
Project File Date:  04/17/2017

<h2>Output:</h2>
compiling main.c...
..\Libraries\CMSIS\CM3\DeviceSupport\ST\STM32F10x\stm32f10x.h(96): error:  #35: #error directive: "Please select first the target STM32F10x device used in your application (in stm32f10x.h file)"
..\code\APP\main.c - 1 Error(s), 0 Warning(s).
compiling main.c...
..\code\APP\main.c(5): error:  #20: identifier "j" is undefined
..\code\APP\main.c(10): warning:  #951-D: return type of function "main" must be "int"
..\code\APP\main.c(12): error:  #20: identifier "GPIO_InitTypeDef" is undefined
..\code\APP\main.c(14): error:  #20: identifier "GPIO_Pin_13" is undefined
..\code\APP\main.c(15): error:  #20: identifier "GPIO_Mode_Out_PP" is undefined
..\code\APP\main.c(16): error:  #20: identifier "GPIO_Speed_50MHz" is undefined
..\code\APP\main.c(17): warning:  #223-D: function "GPIO_Init" declared implicitly
..\code\APP\main.c(18): warning:  #223-D: function "GPIO_SetBits" declared implicitly
..\code\APP\main.c(24): warning:  #223-D: function "GPIO_ResetBits" declared implicitly
..\code\APP\main.c - 5 Error(s), 4 Warning(s).
compiling main.c...
..\code\APP\main.c(10): warning:  #951-D: return type of function "main" must be "int"
..\code\APP\main.c(12): error:  #20: identifier "GPIO_InitTypeDef" is undefined
..\code\APP\main.c(14): error:  #20: identifier "GPIO_Pin_13" is undefined
..\code\APP\main.c(15): error:  #20: identifier "GPIO_Mode_Out_PP" is undefined
..\code\APP\main.c(16): error:  #20: identifier "GPIO_Speed_50MHz" is undefined
..\code\APP\main.c(17): warning:  #223-D: function "GPIO_Init" declared implicitly
..\code\APP\main.c(18): warning:  #223-D: function "GPIO_SetBits" declared implicitly
..\code\APP\main.c(24): warning:  #223-D: function "GPIO_ResetBits" declared implicitly
..\code\APP\main.c - 4 Error(s), 4 Warning(s).
compiling main.c...
..\code\APP\main.c(12): error:  #20: identifier "GPIO_InitTypeDef" is undefined
..\code\APP\main.c(14): error:  #20: identifier "GPIO_Pin_13" is undefined
..\code\APP\main.c(15): error:  #20: identifier "GPIO_Mode_Out_PP" is undefined
..\code\APP\main.c(16): error:  #20: identifier "GPIO_Speed_50MHz" is undefined
..\code\APP\main.c(17): warning:  #223-D: function "GPIO_Init" declared implicitly
..\code\APP\main.c(18): warning:  #223-D: function "GPIO_SetBits" declared implicitly
..\code\APP\main.c(24): warning:  #223-D: function "GPIO_ResetBits" declared implicitly
..\code\APP\main.c - 4 Error(s), 3 Warning(s).
compiling main.c...
D:\Keil\ARM\Inc\ST\STM32F10x\stm32f10x_type.h(23): error:  #256: invalid redeclaration of type name "s32" (declared at line 487 of "..\Libraries\CMSIS\CM3\DeviceSupport\ST\STM32F10x\stm32f10x.h")
D:\Keil\ARM\Inc\ST\STM32F10x\stm32f10x_type.h(27): error:  #256: invalid redeclaration of type name "sc32" (declared at line 491 of "..\Libraries\CMSIS\CM3\DeviceSupport\ST\STM32F10x\stm32f10x.h")
D:\Keil\ARM\Inc\ST\STM32F10x\stm32f10x_type.h(31): error:  #256: invalid redeclaration of type name "vs32" (declared at line 495 of "..\Libraries\CMSIS\CM3\DeviceSupport\ST\STM32F10x\stm32f10x.h")
D:\Keil\ARM\Inc\ST\STM32F10x\stm32f10x_type.h(35): error:  #256: invalid redeclaration of type name "vsc32" (declared at line 499 of "..\Libraries\CMSIS\CM3\DeviceSupport\ST\STM32F10x\stm32f10x.h")
D:\Keil\ARM\Inc\ST\STM32F10x\stm32f10x_type.h(39): error:  #256: invalid redeclaration of type name "u32" (declared at line 503 of "..\Libraries\CMSIS\CM3\DeviceSupport\ST\STM32F10x\stm32f10x.h")
D:\Keil\ARM\Inc\ST\STM32F10x\stm32f10x_type.h(43): error:  #256: invalid redeclaration of type name "uc32" (declared at line 507 of "..\Libraries\CMSIS\CM3\DeviceSupport\ST\STM32F10x\stm32f10x.h")
D:\Keil\ARM\Inc\ST\STM32F10x\stm32f10x_type.h(47): error:  #256: invalid redeclaration of type name "vu32" (declared at line 511 of "..\Libraries\CMSIS\CM3\DeviceSupport\ST\STM32F10x\stm32f10x.h")
D:\Keil\ARM\Inc\ST\STM32F10x\stm32f10x_type.h(51): error:  #256: invalid redeclaration of type name "vuc32" (declared at line 515 of "..\Libraries\CMSIS\CM3\DeviceSupport\ST\STM32F10x\stm32f10x.h")
D:\Keil\ARM\Inc\ST\STM32F10x\stm32f10x_type.h(57): error:  #101: "RESET" has already been declared in the current scope
D:\Keil\ARM\Inc\ST\STM32F10x\stm32f10x_type.h(57): error:  #101: "SET" has already been declared in the current scope
D:\Keil\ARM\Inc\ST\STM32F10x\stm32f10x_type.h(57): error:  #256: invalid redeclaration of type name "FlagStatus" (declared at line 519 of "..\Libraries\CMSIS\CM3\DeviceSupport\ST\STM32F10x\stm32f10x.h")
D:\Keil\ARM\Inc\ST\STM32F10x\stm32f10x_type.h(57): error:  #256: invalid redeclaration of type name "ITStatus" (declared at line 519 of "..\Libraries\CMSIS\CM3\DeviceSupport\ST\STM32F10x\stm32f10x.h")
D:\Keil\ARM\Inc\ST\STM32F10x\stm32f10x_type.h(59): error:  #101: "DISABLE" has already been declared in the current scope
D:\Keil\ARM\Inc\ST\STM32F10x\stm32f10x_type.h(59): error:  #101: "ENABLE" has already been declared in the current scope
D:\Keil\ARM\Inc\ST\STM32F10x\stm32f10x_type.h(59): error:  #256: invalid redeclaration of type name "FunctionalState" (declared at line 521 of "..\Libraries\CMSIS\CM3\DeviceSupport\ST\STM32F10x\stm32f10x.h")
D:\Keil\ARM\Inc\ST\STM32F10x\stm32f10x_type.h(62): error:  #101: "ERROR" has already been declared in the current scope
D:\Keil\ARM\Inc\ST\STM32F10x\stm32f10x_type.h(62): error:  #101: "SUCCESS" has already been declared in the current scope
D:\Keil\ARM\Inc\ST\STM32F10x\stm32f10x_type.h(62): error:  #256: invalid redeclaration of type name "ErrorStatus" (declared at line 524 of "..\Libraries\CMSIS\CM3\DeviceSupport\ST\STM32F10x\stm32f10x.h")
D:\Keil\ARM\Inc\ST\STM32F10x\stm32f10x_conf.h(147): warning:  #47-D: incompatible redefinition of macro "HSE_Value" (declared at line 528 of "..\Libraries\CMSIS\CM3\DeviceSupport\ST\STM32F10x\stm32f10x.h")
..\code\APP\main.c(12): error:  #20: identifier "GPIO_InitTypeDef" is undefined
..\code\APP\main.c(14): error:  #20: identifier "GPIO_Pin_13" is undefined
..\code\APP\main.c(15): error:  #20: identifier "GPIO_Mode_Out_PP" is undefined
..\code\APP\main.c(16): error:  #20: identifier "GPIO_Speed_50MHz" is undefined
..\code\APP\main.c(17): warning:  #223-D: function "GPIO_Init" declared implicitly
..\code\APP\main.c(18): warning:  #223-D: function "GPIO_SetBits" declared implicitly
..\code\APP\main.c(24): warning:  #223-D: function "GPIO_ResetBits" declared implicitly
..\code\APP\main.c - 22 Error(s), 4 Warning(s).
compiling main.c...
D:\Keil\ARM\Inc\ST\STM32F10x\stm32f10x_type.h(23): error:  #256: invalid redeclaration of type name "s32" (declared at line 487 of "..\Libraries\CMSIS\CM3\DeviceSupport\ST\STM32F10x\stm32f10x.h")
D:\Keil\ARM\Inc\ST\STM32F10x\stm32f10x_type.h(27): error:  #256: invalid redeclaration of type name "sc32" (declared at line 491 of "..\Libraries\CMSIS\CM3\DeviceSupport\ST\STM32F10x\stm32f10x.h")
D:\Keil\ARM\Inc\ST\STM32F10x\stm32f10x_type.h(31): error:  #256: invalid redeclaration of type name "vs32" (declared at line 495 of "..\Libraries\CMSIS\CM3\DeviceSupport\ST\STM32F10x\stm32f10x.h")
D:\Keil\ARM\Inc\ST\STM32F10x\stm32f10x_type.h(35): error:  #256: invalid redeclaration of type name "vsc32" (declared at line 499 of "..\Libraries\CMSIS\CM3\DeviceSupport\ST\STM32F10x\stm32f10x.h")
D:\Keil\ARM\Inc\ST\STM32F10x\stm32f10x_type.h(39): error:  #256: invalid redeclaration of type name "u32" (declared at line 503 of "..\Libraries\CMSIS\CM3\DeviceSupport\ST\STM32F10x\stm32f10x.h")
D:\Keil\ARM\Inc\ST\STM32F10x\stm32f10x_type.h(43): error:  #256: invalid redeclaration of type name "uc32" (declared at line 507 of "..\Libraries\CMSIS\CM3\DeviceSupport\ST\STM32F10x\stm32f10x.h")
D:\Keil\ARM\Inc\ST\STM32F10x\stm32f10x_type.h(47): error:  #256: invalid redeclaration of type name "vu32" (declared at line 511 of "..\Libraries\CMSIS\CM3\DeviceSupport\ST\STM32F10x\stm32f10x.h")
D:\Keil\ARM\Inc\ST\STM32F10x\stm32f10x_type.h(51): error:  #256: invalid redeclaration of type name "vuc32" (declared at line 515 of "..\Libraries\CMSIS\CM3\DeviceSupport\ST\STM32F10x\stm32f10x.h")
D:\Keil\ARM\Inc\ST\STM32F10x\stm32f10x_type.h(57): error:  #101: "RESET" has already been declared in the current scope
D:\Keil\ARM\Inc\ST\STM32F10x\stm32f10x_type.h(57): error:  #101: "SET" has already been declared in the current scope
D:\Keil\ARM\Inc\ST\STM32F10x\stm32f10x_type.h(57): error:  #256: invalid redeclaration of type name "FlagStatus" (declared at line 519 of "..\Libraries\CMSIS\CM3\DeviceSupport\ST\STM32F10x\stm32f10x.h")
D:\Keil\ARM\Inc\ST\STM32F10x\stm32f10x_type.h(57): error:  #256: invalid redeclaration of type name "ITStatus" (declared at line 519 of "..\Libraries\CMSIS\CM3\DeviceSupport\ST\STM32F10x\stm32f10x.h")
D:\Keil\ARM\Inc\ST\STM32F10x\stm32f10x_type.h(59): error:  #101: "DISABLE" has already been declared in the current scope
D:\Keil\ARM\Inc\ST\STM32F10x\stm32f10x_type.h(59): error:  #101: "ENABLE" has already been declared in the current scope
D:\Keil\ARM\Inc\ST\STM32F10x\stm32f10x_type.h(59): error:  #256: invalid redeclaration of type name "FunctionalState" (declared at line 521 of "..\Libraries\CMSIS\CM3\DeviceSupport\ST\STM32F10x\stm32f10x.h")
D:\Keil\ARM\Inc\ST\STM32F10x\stm32f10x_type.h(62): error:  #101: "ERROR" has already been declared in the current scope
D:\Keil\ARM\Inc\ST\STM32F10x\stm32f10x_type.h(62): error:  #101: "SUCCESS" has already been declared in the current scope
D:\Keil\ARM\Inc\ST\STM32F10x\stm32f10x_type.h(62): error:  #256: invalid redeclaration of type name "ErrorStatus" (declared at line 524 of "..\Libraries\CMSIS\CM3\DeviceSupport\ST\STM32F10x\stm32f10x.h")
D:\Keil\ARM\Inc\ST\STM32F10x\stm32f10x_conf.h(147): warning:  #47-D: incompatible redefinition of macro "HSE_Value" (declared at line 528 of "..\Libraries\CMSIS\CM3\DeviceSupport\ST\STM32F10x\stm32f10x.h")
..\code\APP\main.c(12): error:  #20: identifier "GPIO_InitTypeDef" is undefined
..\code\APP\main.c(14): error:  #20: identifier "GPIO_Pin_13" is undefined
..\code\APP\main.c(15): error:  #20: identifier "GPIO_Mode_Out_PP" is undefined
..\code\APP\main.c(16): error:  #20: identifier "GPIO_Speed_50MHz" is undefined
..\code\APP\main.c(17): warning:  #223-D: function "GPIO_Init" declared implicitly
..\code\APP\main.c(18): warning:  #223-D: function "GPIO_SetBits" declared implicitly
..\code\APP\main.c(24): warning:  #223-D: function "GPIO_ResetBits" declared implicitly
..\code\APP\main.c - 22 Error(s), 4 Warning(s).
compiling main.c...
..\Libraries\CMSIS\CM3\DeviceSupport\ST\STM32F10x\stm32f10x.h(96): error:  #35: #error directive: "Please select first the target STM32F10x device used in your application (in stm32f10x.h file)"
..\code\APP\main.c - 1 Error(s), 0 Warning(s).
compiling main.c...
D:\Keil\ARM\Inc\ST\STM32F10x\stm32f10x_type.h(23): error:  #256: invalid redeclaration of type name "s32" (declared at line 487 of "..\Libraries\CMSIS\CM3\DeviceSupport\ST\STM32F10x\stm32f10x.h")
D:\Keil\ARM\Inc\ST\STM32F10x\stm32f10x_type.h(27): error:  #256: invalid redeclaration of type name "sc32" (declared at line 491 of "..\Libraries\CMSIS\CM3\DeviceSupport\ST\STM32F10x\stm32f10x.h")
D:\Keil\ARM\Inc\ST\STM32F10x\stm32f10x_type.h(31): error:  #256: invalid redeclaration of type name "vs32" (declared at line 495 of "..\Libraries\CMSIS\CM3\DeviceSupport\ST\STM32F10x\stm32f10x.h")
D:\Keil\ARM\Inc\ST\STM32F10x\stm32f10x_type.h(35): error:  #256: invalid redeclaration of type name "vsc32" (declared at line 499 of "..\Libraries\CMSIS\CM3\DeviceSupport\ST\STM32F10x\stm32f10x.h")
D:\Keil\ARM\Inc\ST\STM32F10x\stm32f10x_type.h(39): error:  #256: invalid redeclaration of type name "u32" (declared at line 503 of "..\Libraries\CMSIS\CM3\DeviceSupport\ST\STM32F10x\stm32f10x.h")
D:\Keil\ARM\Inc\ST\STM32F10x\stm32f10x_type.h(43): error:  #256: invalid redeclaration of type name "uc32" (declared at line 507 of "..\Libraries\CMSIS\CM3\DeviceSupport\ST\STM32F10x\stm32f10x.h")
D:\Keil\ARM\Inc\ST\STM32F10x\stm32f10x_type.h(47): error:  #256: invalid redeclaration of type name "vu32" (declared at line 511 of "..\Libraries\CMSIS\CM3\DeviceSupport\ST\STM32F10x\stm32f10x.h")
D:\Keil\ARM\Inc\ST\STM32F10x\stm32f10x_type.h(51): error:  #256: invalid redeclaration of type name "vuc32" (declared at line 515 of "..\Libraries\CMSIS\CM3\DeviceSupport\ST\STM32F10x\stm32f10x.h")
D:\Keil\ARM\Inc\ST\STM32F10x\stm32f10x_type.h(57): error:  #101: "RESET" has already been declared in the current scope
D:\Keil\ARM\Inc\ST\STM32F10x\stm32f10x_type.h(57): error:  #101: "SET" has already been declared in the current scope
D:\Keil\ARM\Inc\ST\STM32F10x\stm32f10x_type.h(57): error:  #256: invalid redeclaration of type name "FlagStatus" (declared at line 519 of "..\Libraries\CMSIS\CM3\DeviceSupport\ST\STM32F10x\stm32f10x.h")
D:\Keil\ARM\Inc\ST\STM32F10x\stm32f10x_type.h(57): error:  #256: invalid redeclaration of type name "ITStatus" (declared at line 519 of "..\Libraries\CMSIS\CM3\DeviceSupport\ST\STM32F10x\stm32f10x.h")
D:\Keil\ARM\Inc\ST\STM32F10x\stm32f10x_type.h(59): error:  #101: "DISABLE" has already been declared in the current scope
D:\Keil\ARM\Inc\ST\STM32F10x\stm32f10x_type.h(59): error:  #101: "ENABLE" has already been declared in the current scope
D:\Keil\ARM\Inc\ST\STM32F10x\stm32f10x_type.h(59): error:  #256: invalid redeclaration of type name "FunctionalState" (declared at line 521 of "..\Libraries\CMSIS\CM3\DeviceSupport\ST\STM32F10x\stm32f10x.h")
D:\Keil\ARM\Inc\ST\STM32F10x\stm32f10x_type.h(62): error:  #101: "ERROR" has already been declared in the current scope
D:\Keil\ARM\Inc\ST\STM32F10x\stm32f10x_type.h(62): error:  #101: "SUCCESS" has already been declared in the current scope
D:\Keil\ARM\Inc\ST\STM32F10x\stm32f10x_type.h(62): error:  #256: invalid redeclaration of type name "ErrorStatus" (declared at line 524 of "..\Libraries\CMSIS\CM3\DeviceSupport\ST\STM32F10x\stm32f10x.h")
D:\Keil\ARM\Inc\ST\STM32F10x\stm32f10x_conf.h(147): warning:  #47-D: incompatible redefinition of macro "HSE_Value" (declared at line 528 of "..\Libraries\CMSIS\CM3\DeviceSupport\ST\STM32F10x\stm32f10x.h")
..\code\APP\main.c(12): error:  #20: identifier "GPIO_InitTypeDef" is undefined
..\code\APP\main.c(14): error:  #20: identifier "GPIO_Pin_13" is undefined
..\code\APP\main.c(15): error:  #20: identifier "GPIO_Mode_Out_PP" is undefined
..\code\APP\main.c(16): error:  #20: identifier "GPIO_Speed_50MHz" is undefined
..\code\APP\main.c(17): warning:  #223-D: function "GPIO_Init" declared implicitly
..\code\APP\main.c(18): warning:  #223-D: function "GPIO_SetBits" declared implicitly
..\code\APP\main.c(24): warning:  #223-D: function "GPIO_ResetBits" declared implicitly
..\code\APP\main.c - 22 Error(s), 4 Warning(s).
compiling main.c...
..\code\APP\main.c(14): error:  #136: struct "<unnamed>" has no field "pin"
..\code\APP\main.c - 1 Error(s), 0 Warning(s).
compiling main.c...
..\code\APP\main.c(15): error:  #136: struct "<unnamed>" has no field "pin"
..\code\APP\main.c - 1 Error(s), 0 Warning(s).
compiling main.c...
..\code\APP\main.c - 0 Error(s), 0 Warning(s).
Build target 'ucosii'
compiling misc.c...
compiling stm32f10x_adc.c...
compiling stm32f10x_bkp.c...
compiling stm32f10x_can.c...
compiling stm32f10x_cec.c...
compiling stm32f10x_crc.c...
compiling stm32f10x_dac.c...
compiling stm32f10x_dbgmcu.c...
compiling stm32f10x_dma.c...
compiling stm32f10x_exti.c...
compiling stm32f10x_flash.c...
compiling stm32f10x_fsmc.c...
compiling stm32f10x_gpio.c...
compiling stm32f10x_i2c.c...
compiling stm32f10x_iwdg.c...
compiling stm32f10x_pwr.c...
compiling stm32f10x_rcc.c...
compiling stm32f10x_rtc.c...
compiling stm32f10x_sdio.c...
compiling stm32f10x_spi.c...
compiling stm32f10x_tim.c...
compiling stm32f10x_usart.c...
compiling stm32f10x_wwdg.c...
compiling core_cm3.c...
compiling system_stm32f10x.c...
assembling startup_stm32f10x_md.s...
linking...
Program Size: Code=2712 RO-data=268 RW-data=40 ZI-data=1632  
"..\file\output\bbear_transplate.axf" - 0 Error(s), 0 Warning(s).
Build target 'ucosii'
linking...
Program Size: Code=2712 RO-data=268 RW-data=40 ZI-data=1632  
"..\file\output\bbear_transplate.axf" - 0 Error(s), 0 Warning(s).
Load "..\\file\\output\\bbear_transplate.AXF" 
Internal DLL Error
Load "..\\file\\output\\bbear_transplate.AXF" 
* JLink Info: Device "STM32F103C8" selected (64 KB flash, 20 KB RAM).
Set JLink Project File to "E:\操作系统\RTOS\ucosii\BBear_Transplant\template\sourcecode\MDK\JLinkSettings.ini"
 
JLink info:
------------
DLL: V4.36l, compiled Dec  2 2011 18:52:36
Firmware: J-Link ARM V8 compiled Jan 31 2018 18:34:52
Hardware: V8.00
S/N : 20080643 
Feature(s) : RDI,FlashDL,FlashBP,JFlash,GDBFull 
 
* JLink Info: Found SWD-DP with ID 0x1BA01477
* JLink Info: TPIU fitted.
* JLink Info:   FPUnit: 6 code (BP) slots and 2 literal slots
* JLink Info: Found Cortex-M3 r1p1, Little endian.
ROMTableAddr = 0xE00FF003
* JLink Info: Found SWD-DP with ID 0x1BA01477
* JLink Info: TPIU fitted.
* JLink Info:   FPUnit: 6 code (BP) slots and 2 literal slots
* JLink Info: Found Cortex-M3 r1p1, Little endian.
 
Target info:
------------
Device: STM32F103C8
VTarget = 3.313V
State of Pins: 
TCK: 0, TDI: 0, TDO: 0, TMS: 0, TRES: 1, TRST: 1
Hardware-Breakpoints: 6
Software-Breakpoints: 8192
Watchpoints:          4
JTAG speed: 2000 kHz
 
No Algorithm found for: 08000000H - 08000BCBH
Erase skipped!
Load "..\\file\\output\\bbear_transplate.AXF" 
* JLink Info: Device "STM32F103C8" selected (64 KB flash, 20 KB RAM).
Set JLink Project File to "E:\操作系统\RTOS\ucosii\BBear_Transplant\template\sourcecode\MDK\JLinkSettings.ini"
 
JLink info:
------------
DLL: V4.36l, compiled Dec  2 2011 18:52:36
Firmware: J-Link ARM V8 compiled Jan 31 2018 18:34:52
Hardware: V8.00
S/N : 20080643 
Feature(s) : RDI,FlashDL,FlashBP,JFlash,GDBFull 
 
* JLink Info: Found SWD-DP with ID 0x1BA01477
* JLink Info: TPIU fitted.
* JLink Info:   FPUnit: 6 code (BP) slots and 2 literal slots
* JLink Info: Found Cortex-M3 r1p1, Little endian.
ROMTableAddr = 0xE00FF003
* JLink Info: Found SWD-DP with ID 0x1BA01477
* JLink Info: TPIU fitted.
* JLink Info:   FPUnit: 6 code (BP) slots and 2 literal slots
* JLink Info: Found Cortex-M3 r1p1, Little endian.
 
Target info:
------------
Device: STM32F103C8
VTarget = 3.313V
State of Pins: 
TCK: 0, TDI: 0, TDO: 0, TMS: 0, TRES: 1, TRST: 1
Hardware-Breakpoints: 6
Software-Breakpoints: 8192
Watchpoints:          4
JTAG speed: 2000 kHz
 
Full Chip Erase Done.
Programming Done.
Verify OK.
* JLink Info: Found SWD-DP with ID 0x1BA01477
* JLink Info: TPIU fitted.
* JLink Info:   FPUnit: 6 code (BP) slots and 2 literal slots
* JLink Info: Found Cortex-M3 r1p1, Little endian.
Application running ...
Build target 'ucosii'
compiling main.c...
compiling misc.c...
compiling stm32f10x_adc.c...
compiling stm32f10x_bkp.c...
compiling stm32f10x_can.c...
compiling stm32f10x_cec.c...
compiling stm32f10x_crc.c...
compiling stm32f10x_dac.c...
compiling stm32f10x_dbgmcu.c...
compiling stm32f10x_dma.c...
compiling stm32f10x_exti.c...
compiling stm32f10x_flash.c...
compiling stm32f10x_fsmc.c...
compiling stm32f10x_gpio.c...
compiling stm32f10x_i2c.c...
compiling stm32f10x_iwdg.c...
compiling stm32f10x_pwr.c...
compiling stm32f10x_rcc.c...
compiling stm32f10x_rtc.c...
compiling stm32f10x_sdio.c...
compiling stm32f10x_spi.c...
compiling stm32f10x_tim.c...
compiling stm32f10x_usart.c...
compiling stm32f10x_wwdg.c...
compiling core_cm3.c...
compiling system_stm32f10x.c...
..\Libraries\CMSIS\CM3\DeviceSupport\ST\STM32F10x\system_stm32f10x.c(115): warning:  #47-D: incompatible redefinition of macro "SYSCLK_FREQ_72MHz"
linking...
Program Size: Code=2712 RO-data=268 RW-data=40 ZI-data=1632  
"..\file\output\bbear_transplate.axf" - 0 Error(s), 1 Warning(s).
Load "..\\file\\output\\bbear_transplate.AXF" 
* JLink Info: Device "STM32F103C8" selected (64 KB flash, 20 KB RAM).
Set JLink Project File to "E:\操作系统\RTOS\ucosii\BBear_Transplant\template\sourcecode\MDK\JLinkSettings.ini"
 
JLink info:
------------
DLL: V4.36l, compiled Dec  2 2011 18:52:36
Firmware: J-Link ARM V8 compiled Jan 31 2018 18:34:52
Hardware: V8.00
S/N : 20080643 
Feature(s) : RDI,FlashDL,FlashBP,JFlash,GDBFull 
 
* JLink Info: Found SWD-DP with ID 0x1BA01477
* JLink Info: TPIU fitted.
* JLink Info:   FPUnit: 6 code (BP) slots and 2 literal slots
* JLink Info: Found Cortex-M3 r1p1, Little endian.
ROMTableAddr = 0xE00FF003
* JLink Info: Found SWD-DP with ID 0x1BA01477
* JLink Info: TPIU fitted.
* JLink Info:   FPUnit: 6 code (BP) slots and 2 literal slots
* JLink Info: Found Cortex-M3 r1p1, Little endian.
 
Target info:
------------
Device: STM32F103C8
VTarget = 3.313V
State of Pins: 
TCK: 0, TDI: 0, TDO: 0, TMS: 0, TRES: 1, TRST: 1
Hardware-Breakpoints: 6
Software-Breakpoints: 8192
Watchpoints:          4
JTAG speed: 2000 kHz
 
Full Chip Erase Done.
Programming Done.
Verify OK.
* JLink Info: Found SWD-DP with ID 0x1BA01477
* JLink Info: TPIU fitted.
* JLink Info:   FPUnit: 6 code (BP) slots and 2 literal slots
* JLink Info: Found Cortex-M3 r1p1, Little endian.
Application running ...
Build target 'ucosii'
compiling main.c...
linking...
Program Size: Code=2712 RO-data=268 RW-data=40 ZI-data=1632  
"..\file\output\bbear_transplate.axf" - 0 Error(s), 0 Warning(s).
Load "..\\file\\output\\bbear_transplate.AXF" 
* JLink Info: Device "STM32F103C8" selected (64 KB flash, 20 KB RAM).
Set JLink Project File to "E:\操作系统\RTOS\ucosii\BBear_Transplant\template\sourcecode\MDK\JLinkSettings.ini"
 
JLink info:
------------
DLL: V4.36l, compiled Dec  2 2011 18:52:36
Firmware: J-Link ARM V8 compiled Jan 31 2018 18:34:52
Hardware: V8.00
S/N : 20080643 
Feature(s) : RDI,FlashDL,FlashBP,JFlash,GDBFull 
 
* JLink Info: Found SWD-DP with ID 0x1BA01477
* JLink Info: TPIU fitted.
* JLink Info:   FPUnit: 6 code (BP) slots and 2 literal slots
* JLink Info: Found Cortex-M3 r1p1, Little endian.
ROMTableAddr = 0xE00FF003
* JLink Info: Found SWD-DP with ID 0x1BA01477
* JLink Info: TPIU fitted.
* JLink Info:   FPUnit: 6 code (BP) slots and 2 literal slots
* JLink Info: Found Cortex-M3 r1p1, Little endian.
 
Target info:
------------
Device: STM32F103C8
VTarget = 3.313V
State of Pins: 
TCK: 0, TDI: 0, TDO: 0, TMS: 0, TRES: 1, TRST: 1
Hardware-Breakpoints: 6
Software-Breakpoints: 8192
Watchpoints:          4
JTAG speed: 2000 kHz
 
Full Chip Erase Done.
Programming Done.
Verify OK.
* JLink Info: Found SWD-DP with ID 0x1BA01477
* JLink Info: TPIU fitted.
* JLink Info:   FPUnit: 6 code (BP) slots and 2 literal slots
* JLink Info: Found Cortex-M3 r1p1, Little endian.
Application running ...
Build target 'ucosii'
compiling main.c...
compiling misc.c...
compiling stm32f10x_adc.c...
compiling stm32f10x_bkp.c...
compiling stm32f10x_can.c...
compiling stm32f10x_cec.c...
compiling stm32f10x_crc.c...
Project build/rebuild aborted.
Target not created
